// Jest Snapshot v1, https://goo.gl/fbAQLP

exports[`Carousel Central should exist 1`] = `
<div>
  <CarouselLanding />
</div>
`;
