// Jest Snapshot v1, https://goo.gl/fbAQLP

exports[`Carousel Landing should exist exist 1`] = `
<Route>
  <Component />
</Route>
`;

exports[`Carousel Landing to exist 1`] = `<div />`;
